// Jest Snapshot v1, https://goo.gl/fbAQLP

exports[`ReactDOM render test renders the document body correctly 1`] = `
<body>
  <div
    id="root"
  />
</body>
`;
